lteestar
